Microchip MPLAB XC8 Compiler V2.45

Linker command line:

-W-3 \
  --edf=E:\Program Files\Microchip\xc8\v2.45\pic\dat\20230818022343_en.msgs \
  -cn -h+dist/default/production\CAN_BUS_PIC16.X.production.sym \
  --cmf=dist/default/production\CAN_BUS_PIC16.X.production.cmf -z -Q16F877A \
  -oC:\Users\Paul\AppData\Local\Temp\xcAsb5s.\driver_tmp_3.o \
  --defsym=__MPLAB_BUILD=1 --fixupoverflow=error \
  -Mdist/default/production/CAN_BUS_PIC16.X.production.map \
  --md=C:\Users\Paul\AppData\Local\Temp\xcAsb5s.\driver_tmp_0.dat -E1 \
  -ver=XC8 Compiler --acfsm=1493 -ACODE=00h-07FFhx4 -ASTRCODE=00h-01FFFh \
  -ASTRING=00h-0FFhx32 -ACONST=00h-0FFhx32 -AENTRY=00h-0FFhx32 \
  -ACOMMON=070h-07Fh -ABANK0=020h-06Fh -ABANK1=0A0h-0EFh \
  -ABANK2=0110h-016Fh -ABANK3=0190h-01EFh \
  -ARAM=020h-06Fh,0A0h-0EFh,0110h-016Fh,0190h-01EFh \
  -AABS1=020h-07Fh,0A0h-0EFh,0110h-016Fh,0190h-01EFh -ASFR0=00h-01Fh \
  -ASFR1=080h-09Fh -ASFR2=0100h-010Fh -ASFR3=0180h-018Fh \
  -ACONFIG=02007h-02007h -DCONFIG=2 -AIDLOC=02000h-02003h -DIDLOC=2 \
  -AEEDATA=00h-0FFh/02100h -peeprom_data=EEDATA -DEEDATA=2 -DCODE=2 \
  -DSTRCODE=2 -DSTRING=2 -DCONST=2 -DENTRY=2 \
  -preset_vec=00h,intentry,init,end_init -ppowerup=CODE -pcinit=CODE \
  -pfunctab=ENTRY -k \
  C:\Users\Paul\AppData\Local\Temp\xcAsb5s.\driver_tmp_12.o \
  dist/default/production\CAN_BUS_PIC16.X.production.o 

Object code version is 3.11

Machine type is 16F877A



                Name                               Link     Load   Length Selector   Space Scale
C:\Users\Paul\AppData\Local\Temp\xcAsb5s.\driver_tmp_12.o
                end_init                              0        0        3        0       0
                config                             2007     2007        1        0       4
dist/default/production\CAN_BUS_PIC16.X.production.o
                cinit                               7E6      7E6       1A      FCC       0
                config                             2007     2007        1        0       4
                text34                               A8       A8       5C      150       0
                text33                              D94      D94       11     1B28       0
                text32                              E36      E36       1A     1C6C       0
                text31                              5B9      5B9      22D      B72       0
                text30                              FBF      FBF       41     1F7E       0
                text29                              DF1      DF1       16     1BE2       0
                text28                              D87      D87        D     1B0E       0
                text27                              E6A      E6A       1B     1CD4       0
                text26                              D6C      D6C        8     1AD8       0
                text25                              F33      F33       20     1E66       0
                text24                              F83      F83       3C     1F06       0
                text23                              104      104       5D      208       0
                text22                              DA5      DA5       12     1B4A       0
                text21                              259      259       90      4B2       0
                text20                              F15      F15       1E     1E2A       0
                text19                              DDD      DDD       14     1BBA       0
                text18                              E07      E07       17     1C0E       0
                text17                              D7C      D7C        B     1AF8       0
                text16                                3        3        7        0       0
                text15                              471      471      148      8E2       0
                text14                               54       54       54       A8       0
                text13                              F53      F53       30     1EA6       0
                text12                              E1E      E1E       18     1C3C       0
                text11                              E85      E85       1C     1D0A       0
                text10                              EA1      EA1       1D     1D42       0
                text9                               EBE      EBE       1D     1D7C       0
                text8                                 A        A       4A       14       0
                text7                               161      161       7B      2C2       0
                text6                               EDB      EDB       1D     1DB6       0
                text5                               DB7      DB7       13     1B6E       0
                text4                               EF8      EF8       1D     1DF0       0
                text3                               1DC      1DC       7D      3B8       0
                text2                               2E9      2E9       A6      5D2       0
                text1                               E50      E50       1A     1CA0       0
                maintext                            38F      38F       E2      71E       0
                cstackBANK0                          20       20       3D       20       1
                cstackCOMMON                         70       70        E       70       1
                inittext                            DCA      DCA       13     1B94       0
                dataBANK0                            65       65        8       20       1
                bssBANK0                             5D       5D        8       20       1
                idataBANK0                          D74      D74        8     1AE8       0

TOTAL           Name                               Link     Load   Length     Space
        CLASS   CODE           
                end_init                              0        0        3         0
                cinit                               7E6      7E6       1A         0
                text34                               A8       A8       5C         0
                text33                              D94      D94       11         0
                text32                              E36      E36       1A         0
                text31                              5B9      5B9      22D         0
                text30                              FBF      FBF       41         0
                text29                              DF1      DF1       16         0
                text28                              D87      D87        D         0
                text27                              E6A      E6A       1B         0
                text26                              D6C      D6C        8         0
                text25                              F33      F33       20         0
                text24                              F83      F83       3C         0
                text23                              104      104       5D         0
                text22                              DA5      DA5       12         0
                text21                              259      259       90         0
                text20                              F15      F15       1E         0
                text19                              DDD      DDD       14         0
                text18                              E07      E07       17         0
                text17                              D7C      D7C        B         0
                text16                                3        3        7         0
                text15                              471      471      148         0
                text14                               54       54       54         0
                text13                              F53      F53       30         0
                text12                              E1E      E1E       18         0
                text11                              E85      E85       1C         0
                text10                              EA1      EA1       1D         0
                text9                               EBE      EBE       1D         0
                text8                                 A        A       4A         0
                text7                               161      161       7B         0
                text6                               EDB      EDB       1D         0
                text5                               DB7      DB7       13         0
                text4                               EF8      EF8       1D         0
                text3                               1DC      1DC       7D         0
                text2                               2E9      2E9       A6         0
                text1                               E50      E50       1A         0
                maintext                            38F      38F       E2         0
                inittext                            DCA      DCA       13         0
                idataBANK0                          D74      D74        8         0

        CLASS   STRCODE        

        CLASS   STRING         

        CLASS   CONST          

        CLASS   ENTRY          

        CLASS   COMMON         
                cstackCOMMON                         70       70        E         1

        CLASS   BANK0          
                cstackBANK0                          20       20       3D         1
                dataBANK0                            65       65        8         1
                bssBANK0                             5D       5D        8         1

        CLASS   BANK1          

        CLASS   BANK2          

        CLASS   BANK3          

        CLASS   RAM            

        CLASS   ABS1           
                abs_s1                               7E       7E        2         1

        CLASS   SFR0           

        CLASS   SFR1           

        CLASS   SFR2           

        CLASS   SFR3           

        CLASS   CONFIG         
                config                             2007     2007        1         4

        CLASS   IDLOC          

        CLASS   EEDATA         

        CLASS   HEAP           

        CLASS   STACK          



SEGMENTS        Name                           Load    Length   Top    Selector   Space  Class     Delta

                reset_vec                      000000  00000A  00000A         0       0  CODE        2
                text8                          00000A  00004A  000054        14       0  CODE        2
                cstackBANK0                    000020  00004D  00006D        20       1  BANK0       1
                cstackCOMMON                   000070  00000E  00007E        70       1  COMMON      1
                text14                         000054  000054  0000A8        A8       0  CODE        2
                text34                         0000A8  00005C  000104       150       0  CODE        2
                text23                         000104  00005D  000161       208       0  CODE        2
                text7                          000161  00007B  0001DC       2C2       0  CODE        2
                text3                          0001DC  00007D  000259       3B8       0  CODE        2
                text21                         000259  000090  0002E9       4B2       0  CODE        2
                text2                          0002E9  0000A6  00038F       5D2       0  CODE        2
                maintext                       00038F  0000E2  000471       71E       0  CODE        2
                text15                         000471  000148  0005B9       8E2       0  CODE        2
                text31                         0005B9  00022D  0007E6       B72       0  CODE        2
                cinit                          0007E6  00001A  000800       FCC       0  CODE        2
                text26                         000D6C  000008  000D74      1AD8       0  CODE        2
                idataBANK0                     000D74  000008  000D7C      1AE8       0  CODE        2
                text17                         000D7C  00000B  000D87      1AF8       0  CODE        2
                text28                         000D87  00000D  000D94      1B0E       0  CODE        2
                text33                         000D94  000011  000DA5      1B28       0  CODE        2
                text22                         000DA5  000012  000DB7      1B4A       0  CODE        2
                text5                          000DB7  000013  000DCA      1B6E       0  CODE        2
                inittext                       000DCA  000013  000DDD      1B94       0  CODE        2
                text19                         000DDD  000014  000DF1      1BBA       0  CODE        2
                text29                         000DF1  000016  000E07      1BE2       0  CODE        2
                text18                         000E07  000017  000E1E      1C0E       0  CODE        2
                text12                         000E1E  000018  000E36      1C3C       0  CODE        2
                text32                         000E36  00001A  000E50      1C6C       0  CODE        2
                text1                          000E50  00001A  000E6A      1CA0       0  CODE        2
                text27                         000E6A  00001B  000E85      1CD4       0  CODE        2
                text11                         000E85  00001C  000EA1      1D0A       0  CODE        2
                text10                         000EA1  00001D  000EBE      1D42       0  CODE        2
                text9                          000EBE  00001D  000EDB      1D7C       0  CODE        2
                text6                          000EDB  00001D  000EF8      1DB6       0  CODE        2
                text4                          000EF8  00001D  000F15      1DF0       0  CODE        2
                text20                         000F15  00001E  000F33      1E2A       0  CODE        2
                text25                         000F33  000020  000F53      1E66       0  CODE        2
                text13                         000F53  000030  000F83      1EA6       0  CODE        2
                text24                         000F83  00003C  000FBF      1F06       0  CODE        2
                text30                         000FBF  000041  001000      1F7E       0  CODE        2


UNUSED ADDRESS RANGES

        Name                Unused          Largest block    Delta
        BANK0            006D-006F              3           1
        BANK1            00A0-00EF             50           1
        BANK2            0110-016F             60           1
        BANK3            0190-01EF             60           1
        CODE             0800-0D6B            56C           2
                         1000-1FFF            800
        CONST            0800-0D6B            100           2
                         1000-1FFF            100
        EEDATA           2100-21FF            100           2
        ENTRY            0800-0D6B            100           2
                         1000-1FFF            100
        IDLOC            2000-2003              4           2
        RAM              006D-006F              3           1
                         00A0-00EF             50
                         0110-016F             60
                         0190-01EF             60
        SFR0             0000-001F             20           1
        SFR1             0080-009F             20           1
        SFR2             0100-010F             10           1
        SFR3             0180-018F             10           1
        STRCODE          0800-0D6B            56C           2
                         1000-1FFF           1000
        STRING           0800-0D6B            100           2
                         1000-1FFF            100

                                  Symbol Table

?_getCanId                             cstackCOMMON 0070
OpenSPI@bus_mode                       cstackCOMMON 0070
OpenSPI@smp_phase                      cstackCOMMON 0071
OpenSPI@sync_mode                      cstackCOMMON 0074
WriteSPI@data_out                      cstackCOMMON 0070
_BF                                    (abs)        04A0
_CKE                                   (abs)        04A6
_CKP                                   (abs)        00A4
_OpenSPI                               text34       00A8
_PORTDbits                             (abs)        0008
_RD0                                   (abs)        0040
_ReadSPI                               text28       0D87
_SMP                                   (abs)        04A7
_SSPBUF                                (abs)        0013
_SSPCON                                (abs)        0014
_SSPEN                                 (abs)        00A5
_SSPSTAT                               (abs)        0094
_TRISA5                                (abs)        042D
_TRISC3                                (abs)        043B
_TRISC4                                (abs)        043C
_TRISC5                                (abs)        043D
_TRISD0                                (abs)        0440
_TRISD3                                (abs)        0443
_WCOL                                  (abs)        00A7
_WriteSPI                              text33       0D94
__H__absolute__                        __absolute__ 0000
__Habs1                                abs1         0000
__Hbank0                               bank0        0000
__Hbank1                               bank1        0000
__Hbank2                               bank2        0000
__Hbank3                               bank3        0000
__HbssBANK0                            bssBANK0     0000
__Hcinit                               cinit        0800
__Hclrtext                             clrtext      0000
__Hcode                                code         0000
__Hcommon                              common       0000
__Hconfig                              config       2008
__HcstackBANK0                         cstackBANK0  0000
__HcstackCOMMON                        cstackCOMMON 0000
__HdataBANK0                           dataBANK0    0000
__Heeprom_data                         eeprom_data  0000
__Hend_init                            end_init     0003
__Hfunctab                             functab      0000
__Hheap                                heap         0000
__HidataBANK0                          idataBANK0   0000
__Hinit                                init         0000
__Hinittext                            inittext     0000
__Hintentry                            intentry     0000
__Hmaintext                            maintext     0000
__Hpowerup                             powerup      0000
__Hram                                 ram          0000
__Hreset_vec                           reset_vec    0000
__Hsfr0                                sfr0         0000
__Hsfr1                                sfr1         0000
__Hsfr2                                sfr2         0000
__Hsfr3                                sfr3         0000
__Hspace_0                             (abs)        1000
__Hspace_1                             (abs)        007E
__Hspace_2                             (abs)        0000
__Hspace_3                             (abs)        0000
__Hspace_4                             (abs)        400F
__Hstack                               stack        0000
__Hstrings                             strings      0000
__Htext                                text         0000
__L__absolute__                        __absolute__ 0000
__Labs1                                abs1         0000
__Lbank0                               bank0        0000
__Lbank1                               bank1        0000
__Lbank2                               bank2        0000
__Lbank3                               bank3        0000
__LbssBANK0                            bssBANK0     0000
__Lcinit                               cinit        07E6
__Lclrtext                             clrtext      0000
__Lcode                                code         0000
__Lcommon                              common       0000
__Lconfig                              config       0000
__LcstackBANK0                         cstackBANK0  0000
__LcstackCOMMON                        cstackCOMMON 0000
__LdataBANK0                           dataBANK0    0000
__Leeprom_data                         eeprom_data  0000
__Lend_init                            end_init     0000
__Lfunctab                             functab      0000
__Lheap                                heap         0000
__LidataBANK0                          idataBANK0   0000
__Linit                                init         0000
__Linittext                            inittext     0000
__Lintentry                            intentry     0000
__Lmaintext                            maintext     0000
__Lpowerup                             powerup      0000
__Lram                                 ram          0000
__Lreset_vec                           reset_vec    0000
__Lsfr0                                sfr0         0000
__Lsfr1                                sfr1         0000
__Lsfr2                                sfr2         0000
__Lsfr3                                sfr3         0000
__Lspace_0                             (abs)        0000
__Lspace_1                             (abs)        0000
__Lspace_2                             (abs)        0000
__Lspace_3                             (abs)        0000
__Lspace_4                             (abs)        0000
__Lstack                               stack        0000
__Lstrings                             strings      0000
__Ltext                                text         0000
__S0                                   (abs)        1000
__S1                                   (abs)        007E
__S3                                   (abs)        0000
___heap_hi                             (abs)        0000
___heap_lo                             (abs)        0000
___int_sp                              stack        0000
___int_stack_hi                        stack        0000
___int_stack_lo                        stack        0000
___latbits                             (abs)        0002
___sp                                  stack        0000
___stack_hi                            stack        0000
___stack_lo                            stack        0000
___stackhi                             (abs)        0000
___stacklo                             (abs)        0000
__end_of_OpenSPI                       text34       0104
__end_of_ReadSPI                       text28       0D94
__end_of_WriteSPI                      text33       0DA5
__end_of__initialization               cinit        07FC
__end_of_begin                         text20       0F33
__end_of_checkReceive                  text18       0E1E
__end_of_getCanId                      text17       0D87
__end_of_getMode                       text26       0D74
__end_of_init_CS                       text16       000A
__end_of_main                          maintext     0471
__end_of_mcp2515_configRate            text31       07E6
__end_of_mcp2515_getNextFreeTXBuf      text8        0054
__end_of_mcp2515_id_to_buf             text7        01DC
__end_of_mcp2515_init                  text21       02E9
__end_of_mcp2515_initCANBuffers        text30       1000
__end_of_mcp2515_modifyRegister        text25       0F53
__end_of_mcp2515_readRegister          text27       0E85
__end_of_mcp2515_readStatus            text19       0DF1
__end_of_mcp2515_read_canMsg           text15       05B9
__end_of_mcp2515_requestNewMode        text24       0FBF
__end_of_mcp2515_reset                 text29       0E07
__end_of_mcp2515_setCANCTRL_Mode       text23       0161
__end_of_mcp2515_setRegister           text32       0E50
__end_of_mcp2515_start_transmit        text5        0DCA
__end_of_mcp2515_write_canMsg          text3        0259
__end_of_readMsgBuf                    text12       0E36
__end_of_readMsgBufID                  text14       00A8
__end_of_readRxTxStatus                text13       0F83
__end_of_sendMsg                       text2        038F
__end_of_sendMsgBuf                    text1        0E6A
__end_of_setMode                       text22       0DB7
__end_of_txCtrlReg                     text11       0EA1
__end_of_txIfFlag                      text10       0EBE
__end_of_txSidhToRTS                   text6        0EF8
__end_of_txSidhToTxLoad                text4        0F15
__end_of_txStatusPendingFlag           text9        0EDB
__initialization                       cinit        07E6
__pbssBANK0                            bssBANK0     005D
__pcstackBANK0                         cstackBANK0  0020
__pcstackCOMMON                        cstackCOMMON 0070
__pdataBANK0                           dataBANK0    0065
__pidataBANK0                          idataBANK0   0D74
__pmaintext                            maintext     038F
__ptext1                               text1        0E50
__ptext10                              text10       0EA1
__ptext11                              text11       0E85
__ptext12                              text12       0E1E
__ptext13                              text13       0F53
__ptext14                              text14       0054
__ptext15                              text15       0471
__ptext16                              text16       0003
__ptext17                              text17       0D7C
__ptext18                              text18       0E07
__ptext19                              text19       0DDD
__ptext2                               text2        02E9
__ptext20                              text20       0F15
__ptext21                              text21       0259
__ptext22                              text22       0DA5
__ptext23                              text23       0104
__ptext24                              text24       0F83
__ptext25                              text25       0F33
__ptext26                              text26       0D6C
__ptext27                              text27       0E6A
__ptext28                              text28       0D87
__ptext29                              text29       0DF1
__ptext3                               text3        01DC
__ptext30                              text30       0FBF
__ptext31                              text31       05B9
__ptext32                              text32       0E36
__ptext33                              text33       0D94
__ptext34                              text34       00A8
__ptext4                               text4        0EF8
__ptext5                               text5        0DB7
__ptext6                               text6        0EDB
__ptext7                               text7        0161
__ptext8                               text8        000A
__ptext9                               text9        0EBE
_begin                                 text20       0F15
_can_id                                bssBANK0     005F
_checkReceive                          text18       0E07
_checkReceive$320                      cstackCOMMON 0072
_ext_flg                               bssBANK0     0064
_getCanId                              text17       0D7C
_getMode                               text26       0D6C
_init_CS                               text16       0003
_main                                  maintext     038F
_mcp2515_configRate                    text31       05B9
_mcp2515_getNextFreeTXBuf              text8        000A
_mcp2515_id_to_buf                     text7        0161
_mcp2515_init                          text21       0259
_mcp2515_initCANBuffers                text30       0FBF
_mcp2515_modifyRegister                text25       0F33
_mcp2515_readRegister                  text27       0E6A
_mcp2515_readStatus                    text19       0DDD
_mcp2515_read_canMsg                   text15       0471
_mcp2515_requestNewMode                text24       0F83
_mcp2515_reset                         text29       0DF1
_mcp2515_setCANCTRL_Mode               text23       0104
_mcp2515_setRegister                   text32       0E36
_mcp2515_start_transmit                text5        0DB7
_mcp2515_write_canMsg                  text3        01DC
_mcp2515_write_canMsg$210              cstackBANK0  0028
_mcpMode                               bssBANK0     005E
_readMsgBuf                            text12       0E1E
_readMsgBufID                          text14       0054
_readRxTxStatus                        text13       0F53
_readRxTxStatus$305                    cstackCOMMON 0072
_readRxTxStatus$306                    cstackCOMMON 0074
_readRxTxStatus$307                    cstackCOMMON 0076
_rtr                                   bssBANK0     0063
_sendMsg                               text2        02E9
_sendMsgBuf                            text1        0E50
_setMode                               text22       0DA5
_stmp                                  dataBANK0    0065
_txCtrlReg                             text11       0E85
_txIfFlag                              text10       0EA1
_txSidhToRTS                           text6        0EDB
_txSidhToTxLoad                        text4        0EF8
_txStatusPendingFlag                   text9        0EBE
begin@clockset                         cstackBANK0  002A
begin@res                              cstackBANK0  002B
begin@speedset                         cstackBANK0  0026
btemp                                  (abs)        007E
checkReceive@res                       cstackCOMMON 0074
end_of_initialization                  cinit        07FC
init_fetch0                            inittext     0DCA
init_ram0                              inittext     0DCE
intlevel0                              functab      0000
intlevel1                              functab      0000
intlevel2                              functab      0000
intlevel3                              functab      0000
intlevel4                              functab      0000
intlevel5                              functab      0000
main@buf                               cstackBANK0  004E
main@canId                             cstackBANK0  0056
main@i                                 cstackBANK0  005A
main@len                               cstackBANK0  005C
mcp2515_configRate@canSpeed            cstackCOMMON 0077
mcp2515_configRate@cfg1                cstackCOMMON 0078
mcp2515_configRate@cfg2                cstackCOMMON 0079
mcp2515_configRate@cfg3                cstackCOMMON 007A
mcp2515_configRate@clock               cstackCOMMON 0073
mcp2515_configRate@set                 cstackCOMMON 0076
mcp2515_getNextFreeTXBuf@i             cstackCOMMON 0078
mcp2515_getNextFreeTXBuf@status        cstackCOMMON 0076
mcp2515_getNextFreeTXBuf@txbuf_n       cstackCOMMON 0077
mcp2515_id_to_buf@canid                cstackCOMMON 007A
mcp2515_id_to_buf@ext                  cstackCOMMON 0079
mcp2515_id_to_buf@id                   cstackCOMMON 0070
mcp2515_id_to_buf@tbufdata             cstackCOMMON 0074
mcp2515_init@canSpeed                  cstackBANK0  0024
mcp2515_init@clock                     cstackBANK0  0021
mcp2515_init@res                       cstackBANK0  0025
mcp2515_initCANBuffers@a1              cstackCOMMON 0073
mcp2515_initCANBuffers@a2              cstackCOMMON 0074
mcp2515_initCANBuffers@a3              cstackCOMMON 0075
mcp2515_initCANBuffers@i               cstackCOMMON 0076
mcp2515_modifyRegister@address         cstackCOMMON 0075
mcp2515_modifyRegister@data            cstackCOMMON 0074
mcp2515_modifyRegister@mask            cstackCOMMON 0073
mcp2515_readRegister@address           cstackCOMMON 0071
mcp2515_readRegister@ret               cstackCOMMON 0072
mcp2515_readStatus@i                   cstackCOMMON 0071
mcp2515_read_canMsg@buf                cstackCOMMON 0075
mcp2515_read_canMsg@buffer_load_addr   cstackCOMMON 0076
mcp2515_read_canMsg@ext                cstackCOMMON 0072
mcp2515_read_canMsg@i                  cstackCOMMON 007C
mcp2515_read_canMsg@id                 cstackCOMMON 0071
mcp2515_read_canMsg@len                cstackCOMMON 0074
mcp2515_read_canMsg@pMsgSize           cstackCOMMON 007B
mcp2515_read_canMsg@rtrBit             cstackCOMMON 0073
mcp2515_read_canMsg@tbufdata           cstackCOMMON 0077
mcp2515_requestNewMode@Count           cstackCOMMON 0078
mcp2515_requestNewMode@newmode         cstackCOMMON 007B
mcp2515_requestNewMode@statReg         cstackCOMMON 007A
mcp2515_setCANCTRL_Mode@newmode        cstackCOMMON 007C
mcp2515_setCANCTRL_Mode@wakeIntEnabled cstackCOMMON 007D
mcp2515_setRegister@address            cstackCOMMON 0072
mcp2515_setRegister@value              cstackCOMMON 0071
mcp2515_start_transmit@mcp_addr        cstackCOMMON 0073
mcp2515_write_canMsg@buf               cstackBANK0  0027
mcp2515_write_canMsg@buffer_sidh_addr  cstackBANK0  0030
mcp2515_write_canMsg@dlc               cstackBANK0  002B
mcp2515_write_canMsg@ext               cstackBANK0  0024
mcp2515_write_canMsg@i                 cstackBANK0  0031
mcp2515_write_canMsg@id                cstackBANK0  0020
mcp2515_write_canMsg@len               cstackBANK0  0026
mcp2515_write_canMsg@load_addr         cstackBANK0  002A
mcp2515_write_canMsg@rtrBit            cstackBANK0  0025
mcp2515_write_canMsg@tbufdata          cstackBANK0  002C
readMsgBuf@buf                         cstackCOMMON 007D
readMsgBuf@len                         cstackBANK0  0030
readMsgBufID@buf                       cstackBANK0  002D
readMsgBufID@ext                       cstackBANK0  002A
readMsgBufID@id                        cstackBANK0  0029
readMsgBufID@len                       cstackBANK0  002C
readMsgBufID@rc                        cstackBANK0  002F
readMsgBufID@rtrBit                    cstackBANK0  002B
readMsgBufID@status                    cstackBANK0  002E
readRxTxStatus@ret                     cstackCOMMON 0078
reset_vec                              reset_vec    0000
sendMsg@buf                            cstackBANK0  0039
sendMsg@ext                            cstackBANK0  0036
sendMsg@id                             cstackBANK0  0032
sendMsg@len                            cstackBANK0  0038
sendMsg@res                            cstackBANK0  003D
sendMsg@res1                           cstackBANK0  003E
sendMsg@rtrBit                         cstackBANK0  0037
sendMsg@txbuf_n                        cstackBANK0  003F
sendMsg@uiTimeOut                      cstackBANK0  0040
sendMsg@wait_sent                      cstackBANK0  003A
sendMsgBuf@buf                         cstackBANK0  0049
sendMsgBuf@ext                         cstackBANK0  0046
sendMsgBuf@id                          cstackBANK0  0042
sendMsgBuf@len                         cstackBANK0  0048
sendMsgBuf@rtrBit                      cstackBANK0  0047
sendMsgBuf@wait_sent                   cstackBANK0  004A
setMode@opMode                         cstackBANK0  0020
start                                  init         0000
start_initialization                   cinit        07E6
txCtrlReg@i                            cstackCOMMON 0072
txIfFlag@i                             cstackCOMMON 0072
txSidhToRTS@sidh                       cstackCOMMON 0072
txSidhToTxLoad@sidh                    cstackCOMMON 0072
txStatusPendingFlag@i                  cstackCOMMON 0072
wtemp0                                 (abs)        007E


MODULE INFORMATION

Module		Function		Class		Link	Load	Size
mcp2515_can.c
		_setMode       		CODE           	0DA5	0000	18
		_mcp2515_reset 		CODE           	0DF1	0000	22
		_txStatusPendingFlag		CODE           	0EBE	0000	29
		_mcp2515_id_to_buf		CODE           	0161	0000	123
		_mcp2515_getNextFreeTXBuf		CODE           	000A	0000	74
		_txSidhToRTS   		CODE           	0EDB	0000	29
		_mcp2515_configRate		CODE           	05B9	0000	557
		_mcp2515_initCANBuffers		CODE           	0FBF	0000	65
		_mcp2515_requestNewMode		CODE           	0F83	0000	60
		_checkReceive  		CODE           	0E07	0000	23
		_mcp2515_setRegister		CODE           	0E36	0000	26
		_sendMsg       		CODE           	02E9	0000	166
		_sendMsgBuf    		CODE           	0E50	0000	26
		_txSidhToTxLoad		CODE           	0EF8	0000	29
		_mcp2515_write_canMsg		CODE           	01DC	0000	125
		_begin         		CODE           	0F15	0000	30
		_readRxTxStatus		CODE           	0F53	0000	48
		_txIfFlag      		CODE           	0EA1	0000	29
		_mcp2515_read_canMsg		CODE           	0471	0000	328
		_mcp2515_start_transmit		CODE           	0DB7	0000	19
		_mcp2515_readStatus		CODE           	0DDD	0000	20
		_mcp2515_modifyRegister		CODE           	0F33	0000	32
		_mcp2515_readRegister		CODE           	0E6A	0000	27
		_txCtrlReg     		CODE           	0E85	0000	28
		_getMode       		CODE           	0D6C	0000	8
		_readMsgBufID  		CODE           	0054	0000	84
		_mcp2515_setCANCTRL_Mode		CODE           	0104	0000	93
		_mcp2515_init  		CODE           	0259	0000	144

mcp2515_can.c estimated size: 2262

shared
		__initialization		CODE           	07E6	0000	22

shared estimated size: 22

spi16.c
		_OpenSPI       		CODE           	00A8	0000	92
		_WriteSPI      		CODE           	0D94	0000	17
		_ReadSPI       		CODE           	0D87	0000	13

spi16.c estimated size: 122

main.c
		_main          		CODE           	038F	0000	226
		_getCanId      		CODE           	0D7C	0000	11
		_readMsgBuf    		CODE           	0E1E	0000	24

main.c estimated size: 261

mcp_can.c
		_init_CS       		CODE           	0003	0000	7

mcp_can.c estimated size: 7

